Using launch settings from src/Crm.Web/Properties/launchSettings.json...
Building...
/app/src/Crm.Shared/Crm.Shared.csproj : warning NU1510: PackageReference Microsoft.Extensions.Configuration.Abstractions will not be pruned. Consider removing this package from your dependencies, as it is likely unnecessary. [/app/src/Crm.Web/Crm.Web.csproj]
/app/src/Crm.Web/Crm.Web.csproj : warning NU1510: PackageReference Microsoft.AspNetCore.Components.Authorization will not be pruned. Consider removing this package from your dependencies, as it is likely unnecessary.
/app/src/Crm.Web/Crm.Web.csproj : warning NU1903: Package 'Newtonsoft.Json' 11.0.1 has a known high severity vulnerability, https://github.com/advisories/GHSA-5crp-9r3c-p9vr
/app/src/Crm.Shared/Crm.Shared.csproj : warning NU1510: PackageReference Microsoft.Extensions.DependencyInjection.Abstractions will not be pruned. Consider removing this package from your dependencies, as it is likely unnecessary. [/app/src/Crm.Web/Crm.Web.csproj]
/app/src/Crm.Shared/Crm.Shared.csproj : warning NU1903: Package 'Newtonsoft.Json' 11.0.1 has a known high severity vulnerability, https://github.com/advisories/GHSA-5crp-9r3c-p9vr [/app/src/Crm.Web/Crm.Web.csproj]
/app/src/Crm.Web/Crm.Web.csproj : warning NU1510: PackageReference Microsoft.AspNetCore.Components.Authorization will not be pruned. Consider removing this package from your dependencies, as it is likely unnecessary.
/app/src/Crm.Web/Crm.Web.csproj : warning NU1903: Package 'Newtonsoft.Json' 11.0.1 has a known high severity vulnerability, https://github.com/advisories/GHSA-5crp-9r3c-p9vr
/app/src/Crm.Shared/Crm.Shared.csproj : warning NU1510: PackageReference Microsoft.Extensions.Configuration.Abstractions will not be pruned. Consider removing this package from your dependencies, as it is likely unnecessary.
/app/src/Crm.Shared/Crm.Shared.csproj : warning NU1510: PackageReference Microsoft.Extensions.DependencyInjection.Abstractions will not be pruned. Consider removing this package from your dependencies, as it is likely unnecessary.
/app/src/Crm.Shared/Crm.Shared.csproj : warning NU1903: Package 'Newtonsoft.Json' 11.0.1 has a known high severity vulnerability, https://github.com/advisories/GHSA-5crp-9r3c-p9vr
info: Microsoft.Hosting.Lifetime[14]
      Now listening on: http://localhost:5170
info: Microsoft.Hosting.Lifetime[0]
      Application started. Press Ctrl+C to shut down.
info: Microsoft.Hosting.Lifetime[0]
      Hosting environment: Development
info: Microsoft.Hosting.Lifetime[0]
      Content root path: /app/src/Crm.Web
warn: Microsoft.AspNetCore.HttpsPolicy.HttpsRedirectionMiddleware[3]
      Failed to determine the https port for redirect.
